// Jest Snapshot v1, https://goo.gl/fbAQLP

exports[`tabs/ContentPresenter default renders 1`] = `
.emotion-0 {
  -webkit-box-flex: 1;
  -webkit-flex-grow: 1;
  -ms-flex-positive: 1;
  flex-grow: 1;
  -webkit-flex-shrink: 1;
  -ms-flex-negative: 1;
  flex-shrink: 1;
}

<div
  className="emotion-0"
>
  Hello
</div>
`;
